Script started on Tue 17 Nov 2020 02:03:03 PM EST
[Chris@centos246 ~]$ mkdir bacl[Kkup
[Chris@centos246 ~]$ ls
[0m[01;34marchive[0m  [01;34mbackup[0m  [01;34mlab2repos[0m  message.txt  myhosts  [01;34mrepos[0m
[Chris@centos246 ~]$ cd /var/log
[Chris@centos246 log]$ pwd
/var/log
[Chris@centos246 log]$ tar cvfv[K ~/archive/log.tar *.log
tar: boot.log: Cannot open: Permission denied
tar: yum.log: Cannot open: Permission denied
tar: Exiting with failure status due to previous errors
[Chris@centos246 log]$ sudo [K[K[K[K[Ktar cvf ~/archive/log.tar *.log[1@s[1@u[1@d[1@o[1@ [C[C[C[C[C[C[C[C[1@ [1@ [1P[1P[C[1@C[1@h[1@r[1@i[1@s
[sudo] password for Chris: 
boot.log
yum.log
[Chris@centos246 log]$ cd `[K~/arcj[Khive/
[Chris@centos246 archive]$ ls
[0m[01;31mlog.tar[0m
[Chris@centos246 archive]$ ls -l log.tar
-rw-rw-r--. 1 Chris Chris 61440 Nov 17 14:09 [0m[01;31mlog.tar[0m
[Chris@centos246 archive]$ dufo[K[K[K[Ksudo chown Chris log .ra[K[K[K[K.tar
[Chris@centos246 archive]$ sudo chown Chris log.tar[11Pls -l[C[C[C[C[C[C[C[C
-rw-rw-r--. 1 Chris Chris 61440 Nov 17 14:09 [0m[01;31mlog.tar[0m
[Chris@centos246 archive]$ man tar
TAR(1)                                    User Commands                                    TAR(1)[m
[m
[1mNAME[0m[m
       tar - manual page for tar 1.26[m
[m
[1mSYNOPSIS[0m[m
       [1mtar[0m [[4mOPTION[24m...] [[4mFILE[24m]...[m
[m
[1mDESCRIPTION[0m[m
       GNU  `tar'  saves  many files together into a single tape or disk archive, and can restore[m
       individual files from the archive.[m
[m
       Note that this manual page contains just very brief description (or more like  a  list  of[m
       possible functionality) originally generated by the [1mhelp2man[0m utility.  The full documenta‚Äê[m
       tion for [1mtar[0m is maintained as a Texinfo manual.  If the [1minfo[0m and [1mtar[0m programs are properly[m
       installed at your site, the command [1m`info[0m [1mtar'[0m should give you access to the complete man‚Äê[m
       ual.[m
[m
[1mEXAMPLES[0m[m
       tar [1m-cf[0m archive.tar foo bar[m
              # Create archive.tar from files foo and bar.[m
[m
       tar [1m-tvf[0m archive.tar[m
              # List all files in archive.tar verbosely.[m
[m
       tar [1m-xf[0m archive.tar[m
              # Extract all files from archive.tar.[m
[m
[1mDEFAULTS[0m[m
       *This* tar installation defaults to:[m
[m
       [1m--format[0m=[4mgnu[24m   [1m-f-[0m   [1m-b20[0m   [1m--quoting-style[0m=[4mescape[24m   [1m--rmt-command=[0m/sbin/rmt    [1m--rsh-com‚Äê[0m[m
       [1mmand=[0m/usr/bin/rsh[m
[m
[1mMain[0m [1moperation[0m [1mmode:[0m[m
       [1m-A[0m, [1m--catenate[0m, [1m--concatenate[0m[m
[7m Manual page tar(1) line 1 (press h for help or q to quit)[27m[K[K              append tar files to an archive[m
[m
       [1m-c[0m, [1m--create[0m[m
              create a new archive[m
[m
       [1m-d[0m, [1m--diff[0m, [1m--compare[0m[m
              find differences between archive and file system[m
[m
       [1m--delete[0m[m
              delete from the archive (not on mag tapes!)[m
[m
       [1m-r[0m, [1m--append[0m[m
              append files to the end of an archive[m
[m
       [1m-t[0m, [1m--list[0m[m
              list the contents of an archive[m
[m
       [1m--test-label[0m[m
              test the archive volume label and exit[m
[m
       [1m-u[0m, [1m--update[0m[m
              only append files newer than copy in archive[m
[m
       [1m-x[0m, [1m--extract[0m, [1m--get[0m[m
              extract files from an archive[m
[m
[1mCommon[0m [1moptions:[0m[m
       [1m-C[0m, [1m--directory=DIR[0m[m
              change to directory DIR[m
[m
       [1m-f[0m, [1m--file=ARCHIVE[0m[m
              use archive file or device ARCHIVE[m
[m
       [1m-j[0m, [1m--bzip2[0m[m
              filter the archive through bzip2[m
[m
[7m Manual page tar(1) line 39 (press h for help or q to quit)[27m[K[K        [1m-J[0m, [1m--xz[0m[m
              filter the archive through xz[m
[m
       [1m-p[0m, [1m--preserve-permissions[0m[m
              extract  information  about  file permissions (default for superuser)[m
[m
       [1m-v[0m, [1m--verbose[0m[m
              verbosely list files processed[m
[m
       [1m-z[0m, [1m--gzip[0m[m
              filter the archive through gzip[m
[m
[1mOperation[0m [1mmodifiers:[0m[m
       [1m--check-device[0m[m
              check device numbers when creating incremental archives (default)[m
[m
       [1m-g[0m, [1m--listed-incremental[0m=[4mFILE[24m[m
              handle new GNU-format incremental backup[m
[m
       [1m-G[0m, [1m--incremental[0m[m
              handle old GNU-format incremental backup[m
[m
       [1m--ignore-failed-read[0m[m
              do not exit with nonzero on unreadable files[m
[m
       [1m--level[0m=[4mNUMBER[24m[m
              dump level for created listed-incremental archive[m
[m
       [1m-n[0m, [1m--seek[0m[m
              archive is seekable[m
[m
       [1m--no-check-device[0m[m
              do not check device numbers when creating incremental archives[m
[m
       [1m--no-seek[0m[m
              archive is not seekable[m
[7m Manual page tar(1) line 75 (press h for help or q to quit)[27m[K[K[m
       [1m--occurrence[0m[=[4mNUMBER[24m][m
              process  only  the  NUMBERth occurrence of each file in the archive; this option is[m
              valid only in conjunction with one of the subcommands [1m--delete[0m,  [1m--diff[0m,  [1m--extract[0m[m
              or  [1m--list[0m  and when a list of files is given either on the command line or via the[m
              [1m-T[0m option; NUMBER defaults to 1[m
[m
       [1m--sparse-version[0m=[4mMAJOR[[24m.MINOR][m
              set version of the sparse format to use (implies [1m--sparse[0m)[m
[m
       [1m-S[0m, [1m--sparse[0m[m
              handle sparse files efficiently[m
[m
[1mOverwrite[0m [1mcontrol:[0m[m
       [1m-k[0m, [1m--keep-old-files[0m[m
              don't replace existing files when extracting, treat them as errors[m
[m
       [1m--keep-newer-files[0m[m
              don't replace existing files that are newer than their archive copies[m
[m
       [1m--keep-directory-symlink[0m[m
              Don't replace existing symlinks to directories when extracting.[m
[m
       [1m--no-overwrite-dir[0m[m
              preserve metadata of existing directories[m
[m
       [1m--overwrite[0m[m
              overwrite existing files when extracting[m
[m
       [1m--overwrite-dir[0m[m
              overwrite metadata of existing directories when extracting (default)[m
[m
       [1m--recursive-unlink[0m[m
              empty hierarchies prior to extracting directory[m
[m
       [1m--remove-files[0m[m
[7m Manual page tar(1) line 112 (press h for help or q to quit)[27m[K[K              remove files after adding them to the archive[m
[m
       [1m--skip-old-files[0m[m
              don't replace existing files when extracting, silently skip over them[m
[m
       [1m-U[0m, [1m--unlink-first[0m[m
              remove each file prior to extracting over it[m
[m
       [1m-W[0m, [1m--verify[0m[m
              attempt to verify the archive after writing it[m
[m
[1mSelect[0m [1moutput[0m [1mstream:[0m[m
       [1m--ignore-command-error[0m ignore exit codes of children[m
[m
       [1m--no-ignore-command-error[0m[m
              treat non-zero exit codes of children as error[m
[m
       [1m-O[0m, [1m--to-stdout[0m[m
              extract files to standard output[m
[m
       [1m--to-command[0m=[4mCOMMAND[24m[m
              pipe extracted files to another program[m
[m
[1mHandling[0m [1mof[0m [1mfile[0m [1mattributes:[0m[m
       [1m--atime-preserve[0m[=[4mMETHOD[24m][m
              preserve access times on dumped files, either by restoring the times after  reading[m
              (METHOD='replace';  default)  or  by  not  setting  the  times  in  the first place[m
              (METHOD='system')[m
[m
       [1m--delay-directory-restore[0m[m
              delay setting modification times and permissions of extracted directories until the[m
              end of extraction[m
[m
       [1m--group[0m=[4mNAME[24m[m
              force NAME as group for added files[m
[m
[7m Manual page tar(1) line 148 (press h for help or q to quit)[27m[K[K       [1m--mode[0m=[4mCHANGES[24m[m
              force (symbolic) mode CHANGES for added files[m
[m
       [1m--mtime[0m=[4mDATE-OR-FILE[24m[m
              set mtime for added files from DATE-OR-FILE[m
[m
       [1m-m[0m, [1m--touch[0m[m
              don't extract file modified time[m
[m
       [1m--no-delay-directory-restore[0m[m
              cancel the effect of [1m--delay-directory-restore[0m option[m
[m
       [1m--no-same-owner[0m[m
              extract files as yourself (default for ordinary users)[m
[m
       [1m--no-same-permissions[0m[m
              apply  the  user's  umask when extracting permissions from the archive (default for[m
              ordinary users)[m
[m
       [1m--numeric-owner[0m[m
              always use numbers for user/group names[m
[m
       [1m--owner[0m=[4mNAME[24m[m
              force NAME as owner for added files[m
[m
       [1m-p[0m, [1m--preserve-permissions[0m, [1m--same-permissions[0m[m
              extract information about file permissions (default for superuser)[m
[m
       [1m--preserve[0m[m
              same as both [1m-p[0m and [1m-s[0m[m
[m
       [1m--same-owner[0m[m
              try extracting files with the same ownership as exists in the archive (default  for[m
              superuser)[m
[m
       [1m-s[0m, [1m--preserve-order[0m, [1m--same-order[0m[m
[7m Manual page tar(1) line 184 (press h for help or q to quit)[27m[K[K              sort names to extract to match archive[m
[m
[1mHandling[0m [1mof[0m [1mextended[0m [1mfile[0m [1mattributes:[0m[m
       [1m--acls[0m Enable the POSIX ACLs support[m
[m
       [1m--no-acls[0m[m
              Disable the POSIX ACLs support[m
[m
       [1m--no-selinux[0m[m
              Disable the SELinux context support[m
[m
       [1m--no-xattrs[0m[m
              Disable extended attributes support[m
[m
       [1m--selinux[0m[m
              Enable the SELinux context support[m
[m
       [1m--xattrs[0m[m
              Enable extended attributes support[m
[m
       [1m--xattrs-exclude[0m=[4mMASK[24m[m
              specify the exclude pattern for xattr keys[m
[m
       [1m--xattrs-include[0m=[4mMASK[24m[m
              specify the include pattern for xattr keys[m
[m
[1mDevice[0m [1mselection[0m [1mand[0m [1mswitching:[0m[m
       [1m-f[0m, [1m--file[0m=[4mARCHIVE[24m[m
              use archive file or device ARCHIVE[m
[m
       [1m--force-local[0m[m
              archive file is local even if it has a colon[m
[m
       [1m-F[0m, [1m--info-script[0m=[4mNAME[24m, [1m--new-volume-script[0m=[4mNAME[24m[m
              run script at end of each tape (implies [1m-M[0m)[m
[m
[7m Manual page tar(1) line 220 (press h for help or q to quit)[27m[K[K       [1m-L[0m, [1m--tape-length[0m=[4mNUMBER[24m[m
              change tape after writing NUMBER x 1024 bytes[m
[m
       [1m-M[0m, [1m--multi-volume[0m[m
              create/list/extract multi-volume archive[m
[m
       [1m--rmt-command[0m=[4mCOMMAND[24m[m
              use given rmt COMMAND instead of rmt[m
[m
       [1m--rsh-command[0m=[4mCOMMAND[24m[m
              use remote COMMAND instead of rsh[m
[m
       [1m--volno-file[0m=[4mFILE[24m[m
              use/update the volume number in FILE[m
[m
[1mDevice[0m [1mblocking:[0m[m
       [1m-b[0m, [1m--blocking-factor[0m=[4mBLOCKS[24m[m
              BLOCKS x 512 bytes per record[m
[m
       [1m-B[0m, [1m--read-full-records[0m[m
              reblock as we read (for 4.2BSD pipes)[m
[m
       [1m-i[0m, [1m--ignore-zeros[0m[m
              ignore zeroed blocks in archive (means EOF)[m
[m
       [1m--record-size[0m=[4mNUMBER[24m[m
              NUMBER of bytes per record, multiple of 512[m
[m
[1mArchive[0m [1mformat[0m [1mselection:[0m[m
       [1m-H[0m, [1m--format[0m=[4mFORMAT[24m[m
              create archive of the given format[m
[m
              FORMAT is one of the following:[m
[m
                     gnu    GNU tar 1.13.x format[m
[m
[7m Manual page tar(1) line 256 (press h for help or q to quit)[27m[K[K                     oldgnu GNU format as per tar <= 1.12[m
[m
                     pax    POSIX 1003.1-2001 (pax) format[m
[m
                     posix  same as pax[m
[m
                     ustar  POSIX 1003.1-1988 (ustar) format[m
[m
                     v7     old V7 tar format[m
[m
       [1m--old-archive[0m, [1m--portability[0m[m
              same as [1m--format[0m=[4mv7[24m[m
[m
       [1m--pax-option[0m=[4mkeyword[[[24m:]=value][,keyword[[:]=value]]...[m
              control pax keywords[m
[m
       [1m--posix[0m[m
              same as [1m--format[0m=[4mposix[24m[m
[m
       [1m-V[0m, [1m--label[0m=[4mTEXT[24m[m
              create  archive with volume name TEXT; at list/extract time, use TEXT as a globbing[m
              pattern for volume name[m
[m
[1mCompression[0m [1moptions:[0m[m
       [1m-a[0m, [1m--auto-compress[0m[m
              use archive suffix to determine the compression program[m
[m
       [1m-I[0m, [1m--use-compress-program[0m=[4mPROG[24m[m
              filter through PROG (must accept [1m-d[0m)[m
[m
       [1m-j[0m, [1m--bzip2[0m[m
              filter the archive through bzip2[m
[m
       [1m-J[0m, [1m--xz[0m[m
              filter the archive through xz[m
[m
[7m Manual page tar(1) line 292 (press h for help or q to quit)[27m[K[K       [1m--lzip[0m filter the archive through lzip[m
[m
       [1m--lzma[0m filter the archive through lzma[m
[m
       [1m--lzop[0m[m
[m
       [1m--no-auto-compress[0m[m
              do not use archive suffix to determine the compression program[m
[m
       [1m-z[0m, [1m--gzip[0m, [1m--gunzip[0m, [1m--ungzip[0m[m
              filter the archive through gzip[m
[m
       [1m-Z[0m, [1m--compress[0m, [1m--uncompress[0m[m
              filter the archive through compress[m
[m
       [1mNote:[0m [1mYou[0m [1mmight[0m [1mneed[0m [1mto[0m [1minstall[0m [1mexternal[0m [1mprogram[0m [1m(lzip/ncompress/lzma...)[0m [1mto[0m [1muse[0m  [1msome[0m  [1mof[0m[m
       [1mthese[0m [1mcompression[0m [1moptions[0m[m
[m
[1mLocal[0m [1mfile[0m [1mselection:[0m[m
       [1m--add-file[0m=[4mFILE[24m[m
              add given FILE to the archive (useful if its name starts with a dash)[m
[m
       [1m--backup[0m[=[4mCONTROL[24m][m
              backup before removal, choose version CONTROL[m
[m
       [1m-C[0m, [1m--directory[0m=[4mDIR[24m[m
              change to directory DIR[m
[m
       [1m--exclude[0m=[4mPATTERN[24m[m
              exclude files, given as a PATTERN[m
[m
       [1m--exclude-backups[0m[m
              exclude backup and lock files[m
[m
       [1m--exclude-caches[0m[m
              exclude  contents  of  directories containing CACHEDIR.TAG, except for the tag file[m
[7m Manual page tar(1) line 328 (press h for help or q to quit)[27m[K[K              itself[m
[m
       [1m--exclude-caches-all[0m[m
              exclude directories containing CACHEDIR.TAG[m
[m
       [1m--exclude-caches-under[0m exclude everything under directories containing[m
              CACHEDIR.TAG[m
[m
       [1m--exclude-tag[0m=[4mFILE[24m[m
              exclude contents of directories containing FILE, except for FILE itself[m
[m
       [1m--exclude-tag-all[0m=[4mFILE[24m exclude directories containing FILE[m
[m
       [1m--exclude-tag-under[0m=[4mFILE[24m[m
              exclude everything under directories containing FILE[m
[m
       [1m--exclude-vcs[0m[m
              exclude version control system directories[m
[m
       [1m-h[0m, [1m--dereference[0m[m
              follow symlinks; archive and dump the files they point to[m
[m
       [1m--hard-dereference[0m[m
              follow hard links; archive and dump the files they refer to[m
[m
       [1m-K[0m, [1m--starting-file[0m=[4mMEMBER-NAME[24m[m
              begin at member MEMBER-NAME in the archive[m
[m
       [1m--newer-mtime[0m=[4mDATE[24m[m
              compare date and time when data changed only[m
[m
       [1m--no-null[0m[m
              disable the effect of the previous [1m--null[0m option[m
[m
       [1m--no-recursion[0m[m
              avoid descending automatically in directories[m
[7m Manual page tar(1) line 364 (press h for help or q to quit)[27m[K[K[m
       [1m--no-unquote[0m[m
              do not unquote filenames read with [1m-T[0m[m
[m
       [1m--null[0m                 [1m-T[0m reads null-terminated names, disable [1m-C[0m[m
[m
       [1m-N[0m, [1m--newer[0m=[4mDATE-OR-FILE[24m, [1m--after-date[0m=[4mDATE-OR-FILE[24m[m
              only store files newer than DATE-OR-FILE[m
[m
       [1m--one-file-system[0m[m
              stay in local file system when creating archive[m
[m
       [1m-P[0m, [1m--absolute-names[0m[m
              don't strip leading `/'s from file names[m
[m
       [1m--recursion[0m[m
              recurse into directories (default)[m
[m
       [1m--suffix[0m=[4mSTRING[24m[m
              backup before removal, override usual suffix ('~' unless overridden by  environment[m
              variable SIMPLE_BACKUP_SUFFIX)[m
[m
       [1m-T[0m, [1m--files-from[0m=[4mFILE[24m[m
              get names to extract or create from FILE[m
[m
       [1m--unquote[0m[m
              unquote filenames read with [1m-T[0m (default)[m
[m
       [1m-X[0m, [1m--exclude-from[0m=[4mFILE[24m[m
              exclude patterns listed in FILE[m
[m
[1mFile[0m [1mname[0m [1mtransformations:[0m[m
       [1m--strip-components[0m=[4mNUMBER[24m[m
              strip NUMBER leading components from file names on extraction[m
[m
       [1m--transform[0m=[4mEXPRESSION[24m, [1m--xform[0m=[4mEXPRESSION[24m[m
[7m Manual page tar(1) line 400 (press h for help or q to quit)[27m[K[K              use sed replace EXPRESSION to transform file names[m
[m
              File name matching options (affect both exclude and include patterns):[m
[m
       [1m--anchored[0m[m
              patterns match file name start[m
[m
       [1m--ignore-case[0m[m
              ignore case[m
[m
       [1m--no-anchored[0m[m
              patterns match after any `/' (default for exclusion)[m
[m
       [1m--no-ignore-case[0m[m
              case sensitive matching (default)[m
[m
       [1m--no-wildcards[0m[m
              verbatim string matching[m
[m
       [1m--no-wildcards-match-slash[0m[m
              wildcards do not match `/'[m
[m
       [1m--wildcards[0m[m
              use wildcards (default)[m
[m
       [1m--wildcards-match-slash[0m[m
              wildcards match `/' (default for exclusion)[m
[m
[1mInformative[0m [1moutput:[0m[m
       [1m--checkpoint[0m[=[4mNUMBER[24m][m
              display progress messages every NUMBERth record (default 10)[m
[m
       [1m--checkpoint-action[0m=[4mACTION[24m[m
              execute ACTION on each checkpoint[m
[m
       [1m--full-time[0m[m
[7m Manual page tar(1) line 436 (press h for help or q to quit)[27m[K[K              print file time to its full resolution[m
[m
       [1m--index-file[0m=[4mFILE[24m[m
              send verbose output to FILE[m
[m
       [1m-l[0m, [1m--check-links[0m[m
              print a message if not all links are dumped[m
[m
       [1m--no-quote-chars[0m=[4mSTRING[24m[m
              disable quoting for characters from STRING[m
[m
       [1m--quote-chars[0m=[4mSTRING[24m[m
              additionally quote characters from STRING[m
[m
       [1m--quoting-style[0m=[4mSTYLE[24m[m
              set name quoting style; see below for valid STYLE values[m
[m
       [1m-R[0m, [1m--block-number[0m[m
              show block number within archive with each message[m
[m
       [1m--show-defaults[0m[m
              show tar defaults[m
[m
       [1m--show-omitted-dirs[0m[m
              when listing or extracting, list each directory that does not match search criteria[m
[m
       [1m--show-transformed-names[0m, [1m--show-stored-names[0m[m
              show file or archive names after transformation[m
[m
       [1m--totals[0m[=[4mSIGNAL[24m][m
              print  total  bytes  after  processing  the archive; with an argument - print total[m
              bytes when this SIGNAL is delivered; Allowed signals are: SIGHUP, SIGQUIT,  SIGINT,[m
              SIGUSR1 and SIGUSR2; the names without SIG prefix are also accepted[m
[m
       [1m--utc[0m  print file modification dates in UTC[m
[m
[7m Manual page tar(1) line 472 (press h for help or q to quit)[27m[K[K       [1m-v[0m, [1m--verbose[0m[m
              verbosely list files processed[m
[m
       [1m--warning[0m=[4mKEYWORD[24m[m
              warning control[m
[m
       [1m-w[0m, [1m--interactive[0m, [1m--confirmation[0m[m
              ask for confirmation for every action[m
[m
[1mCompatibility[0m [1moptions:[0m[m
       [1m-o[0m     when creating, same as [1m--old-archive[0m; when extracting, same as [1m--no-same-owner[0m[m
[m
[1mOther[0m [1moptions:[0m[m
       -?, [1m--help[0m[m
              give this help list[m
[m
       [1m--restrict[0m[m
              disable use of some potentially harmful options[m
[m
       [1m--usage[0m[m
              give a short usage message[m
[m
       [1m--version[0m[m
              print program version[m
[m
       Mandatory  or  optional  arguments  to long options are also mandatory or optional for any[m
       corresponding short options.[m
[m
       The backup suffix is `~', unless set with [1m--suffix[0m or SIMPLE_BACKUP_SUFFIX.   The  version[m
       control may be set with [1m--backup[0m or VERSION_CONTROL, values are:[m
[m
       none, off[m
              never make backups[m
[m
       t, numbered[m
              make numbered backups[m
[7m Manual page tar(1) line 508 (press h for help or q to quit)[27m[K[K[m
       nil, existing[m
              numbered if numbered backups exist, simple otherwise[m
[m
       never, simple[m
              always make simple backups[m
[m
       Valid arguments for the [1m--quoting-style[0m option are:[m
[m
              literal shell shell-always c c-maybe escape locale clocale[m
[m
[1mAUTHOR[0m[m
       Written by John Gilmore and Jay Fenlason.[m
[m
[1mREPORTING[0m [1mBUGS[0m[m
       Report bugs to <bug-tar@gnu.org>.[m
[m
[1mCOPYRIGHT[0m[m
       Copyright  ¬©  2013  Free  Software  Foundation, Inc.  License GPLv3+: GNU GPL version 3 or[m
       later <http://gnu.org/licenses/gpl.html>.[m
       This is free software: you are free to change and redistribute it.  There is NO  WARRANTY,[m
       to the extent permitted by law.[m
[m
tar 1.26                                  February 2013                                    TAR(1)[m
[7m Manual page tar(1) line 532/569 (END) (press h for help or q to quit)[27m[K[K[K[7m Manual page tar(1) line 532/569 (END) (press h for help or q to quit)[27m[K[K[K[7m Manual page tar(1) line 532/569 (END) (press h for help or q to quit)[27m[K[K[K[7m Manual page tar(1) line 532/569 (END) (press h for help or q to quit)[27m[K[K[Chris@centos246 archive]$ man tar
TAR(1)                                    User Commands                                    TAR(1)[m
[m
[1mNAME[0m[m
       tar - manual page for tar 1.26[m
[m
[1mSYNOPSIS[0m[m
       [1mtar[0m [[4mOPTION[24m...] [[4mFILE[24m]...[m
[m
[1mDESCRIPTION[0m[m
       GNU  `tar'  saves  many files together into a single tape or disk archive, and can restore[m
       individual files from the archive.[m
[m
       Note that this manual page contains just very brief description (or more like  a  list  of[m
       possible functionality) originally generated by the [1mhelp2man[0m utility.  The full documenta‚Äê[m
       tion for [1mtar[0m is maintained as a Texinfo manual.  If the [1minfo[0m and [1mtar[0m programs are properly[m
       installed at your site, the command [1m`info[0m [1mtar'[0m should give you access to the complete man‚Äê[m
       ual.[m
[m
[1mEXAMPLES[0m[m
       tar [1m-cf[0m archive.tar foo bar[m
              # Create archive.tar from files foo and bar.[m
[m
       tar [1m-tvf[0m archive.tar[m
              # List all files in archive.tar verbosely.[m
[m
       tar [1m-xf[0m archive.tar[m
              # Extract all files from archive.tar.[m
[m
[1mDEFAULTS[0m[m
       *This* tar installation defaults to:[m
[m
       [1m--format[0m=[4mgnu[24m   [1m-f-[0m   [1m-b20[0m   [1m--quoting-style[0m=[4mescape[24m   [1m--rmt-command=[0m/sbin/rmt    [1m--rsh-com‚Äê[0m[m
       [1mmand=[0m/usr/bin/rsh[m
[m
[1mMain[0m [1moperation[0m [1mmode:[0m[m
       [1m-A[0m, [1m--catenate[0m, [1m--concatenate[0m[m
[7m Manual page tar(1) line 1 (press h for help or q to quit)[27m[K[K[Chris@centos246 archive]$ tar -tvf log.tar
-rw------- root/root     26972 2020-11-03 20:10 boot.log
-rw------- root/root     31137 2020-11-03 20:31 yum.log
[Chris@centos246 archive]$ tar -tf log.tar
boot.log
yum.log
[Chris@centos246 archive]$ tar xvf taa[Kr[K[K[Klog.tar ~/backup
tar: /home/Chris/backup: Not found in archive
tar: Exiting with failure status due to previous errors
[Chris@centos246 archive]$ cd ../backup
[Chris@centos246 backup]$ pwd
/home/Chris/backup
[Chris@centos246 backup]$ tar xvf ~/archive/log.tar bootlog[K[K[K[K[K[K[K
boot.log
yum.log
[Chris@centos246 backup]$ ls
boot.log  yum.log
[Chris@centos246 backup]$ exit

Script done on Tue 17 Nov 2020 02:18:37 PM EST
